Starting a Gradle Daemon, 1 stopped Daemon could not be reused, use --status for details
Warning: Unable to set daemon's environment variables to match the client because: 
  There is no native integration with this operating environment.
  If the daemon was started with a significantly different environment from the client, and your build 
  relies on environment variables, you may experience unexpected behavior.

> Configure project :
WARNING: The option setting 'android.aapt2FromMavenOverride=/data/data/com.termux/files/usr/bin/aapt2' is experimental.

> Task :preBuild UP-TO-DATE
> Task :preNoQuickstepDebugBuild UP-TO-DATE
> Task :mergeNoQuickstepDebugNativeDebugMetadata NO-SOURCE
> Task :checkKotlinGradlePluginConfigurationErrors SKIPPED
> Task :generateNoQuickstepDebugBuildConfig UP-TO-DATE
> Task :extractDebugProto UP-TO-DATE
> Task :extractIncludeNoQuickstepDebugProto UP-TO-DATE
> Task :extractNoQuickstepDebugProto UP-TO-DATE
> Task :extractNoQuickstepProto UP-TO-DATE
> Task :extractProto UP-TO-DATE
> Task :generateNoQuickstepDebugProto UP-TO-DATE
> Task :checkNoQuickstepDebugAarMetadata UP-TO-DATE
> Task :generateNoQuickstepDebugResValues UP-TO-DATE
> Task :mapNoQuickstepDebugSourceSetPaths UP-TO-DATE
> Task :generateNoQuickstepDebugResources UP-TO-DATE
> Task :mergeNoQuickstepDebugResources UP-TO-DATE
> Task :packageNoQuickstepDebugResources UP-TO-DATE
> Task :parseNoQuickstepDebugLocalResources UP-TO-DATE
> Task :createNoQuickstepDebugCompatibleScreenManifests UP-TO-DATE
> Task :extractDeepLinksNoQuickstepDebug UP-TO-DATE
> Task :processNoQuickstepDebugMainManifest UP-TO-DATE
> Task :processNoQuickstepDebugManifest UP-TO-DATE
> Task :processNoQuickstepDebugManifestForPackage UP-TO-DATE
> Task :processNoQuickstepDebugResources UP-TO-DATE
> Task :javaPreCompileNoQuickstepDebug UP-TO-DATE
> Task :mergeNoQuickstepDebugShaders UP-TO-DATE
> Task :compileNoQuickstepDebugShaders NO-SOURCE
> Task :generateNoQuickstepDebugAssets UP-TO-DATE
> Task :mergeNoQuickstepDebugAssets UP-TO-DATE
> Task :compressNoQuickstepDebugAssets UP-TO-DATE
> Task :checkNoQuickstepDebugDuplicateClasses UP-TO-DATE
> Task :desugarNoQuickstepDebugFileDependencies UP-TO-DATE
> Task :mergeExtDexNoQuickstepDebug UP-TO-DATE
> Task :mergeLibDexNoQuickstepDebug UP-TO-DATE
> Task :mergeNoQuickstepDebugJniLibFolders UP-TO-DATE
> Task :mergeNoQuickstepDebugNativeLibs UP-TO-DATE
> Task :stripNoQuickstepDebugDebugSymbols UP-TO-DATE
> Task :validateSigningNoQuickstepDebug UP-TO-DATE
> Task :writeNoQuickstepDebugAppMetadata UP-TO-DATE
> Task :writeNoQuickstepDebugSigningConfigVersions UP-TO-DATE
> Task :kspNoQuickstepDebugKotlin
> Task :compileNoQuickstepDebugKotlin

> Task :compileNoQuickstepDebugJavaWithJavac
/data/data/com.termux/files/home/Launcher3/src/com/android/launcher3/util/Executors.java:65: warning: [dep-ann] deprecated item is not annotated with @Deprecated
    public static final ThreadPoolExecutor THREAD_POOL_EXECUTOR = new ThreadPoolExecutor(
                                           ^
/data/data/com.termux/files/home/Launcher3/src/com/android/launcher3/util/Executors.java:75: warning: [dep-ann] deprecated item is not annotated with @Deprecated
    public static final LooperExecutor ORDERED_BG_EXECUTOR =
                                       ^
/data/data/com.termux/files/home/Launcher3/src/com/android/launcher3/util/Executors.java:84: warning: [dep-ann] deprecated item is not annotated with @Deprecated
    public static final LooperExecutor MAIN_EXECUTOR =
                                       ^
/data/data/com.termux/files/home/Launcher3/src/com/android/launcher3/util/Executors.java:99: warning: [dep-ann] deprecated item is not annotated with @Deprecated
    public static final LooperExecutor UI_HELPER_EXECUTOR =
                                       ^
/data/data/com.termux/files/home/Launcher3/src/com/android/launcher3/util/Executors.java:110: warning: [dep-ann] deprecated item is not annotated with @Deprecated
    public static final LooperExecutor DATA_HELPER_EXECUTOR =
                                       ^
/data/data/com.termux/files/home/Launcher3/src/com/android/launcher3/util/Executors.java:125: warning: [dep-ann] deprecated item is not annotated with @Deprecated
    public static LooperExecutor getPackageExecutor(String packageName) {
                                 ^
/data/data/com.termux/files/home/Launcher3/src/com/android/launcher3/util/Executors.java:152: warning: [dep-ann] deprecated item is not annotated with @Deprecated
    public static class SimpleThreadFactory implements ThreadFactory {
                  ^
Note: Some input files use or override a deprecated API.
Note: Recompile with -Xlint:deprecation for details.
Note: Some input files use unchecked or unsafe operations.
Note: Recompile with -Xlint:unchecked for details.
7 warnings

> Task :dexBuilderNoQuickstepDebug
> Task :processNoQuickstepDebugJavaRes
> Task :mergeNoQuickstepDebugGlobalSynthetics
> Task :mergeProjectDexNoQuickstepDebug
> Task :mergeNoQuickstepDebugJavaResource
> Task :packageNoQuickstepDebug
> Task :createNoQuickstepDebugApkListingFileRedirect
> Task :assembleNoQuickstepDebug

[Incubating] Problems report is available at: file:///data/data/com.termux/files/home/Launcher3/build/reports/problems/problems-report.html

Deprecated Gradle features were used in this build, making it incompatible with Gradle 10.

You can use '--warning-mode all' to show the individual deprecation warnings and determine if they come from your own scripts or plugins.

For more on this, please refer to https://docs.gradle.org/9.6.1/userguide/command_line_interface.html#sec:command_line_warnings in the Gradle documentation.

BUILD SUCCESSFUL in 2m 9s
44 actionable tasks: 10 executed, 34 up-to-date
Consider enabling configuration cache to speed up this build: https://docs.gradle.org/9.6.1/userguide/configuration_cache_enabling.html
