Starting a Gradle Daemon, 6 stopped Daemons could not be reused, use --status for details
Warning: Unable to set daemon's environment variables to match the client because: 
  There is no native integration with this operating environment.
  If the daemon was started with a significantly different environment from the client, and your build 
  relies on environment variables, you may experience unexpected behavior.

> Configure project :
WARNING: The option setting 'android.aapt2FromMavenOverride=/data/data/com.termux/files/usr/bin/aapt2' is experimental.

> Task :preBuild UP-TO-DATE
> Task :preNoQuickstepDebugBuild UP-TO-DATE
> Task :mergeNoQuickstepDebugNativeDebugMetadata NO-SOURCE
> Task :checkKotlinGradlePluginConfigurationErrors SKIPPED
> Task :generateNoQuickstepDebugBuildConfig UP-TO-DATE
> Task :extractDebugProto UP-TO-DATE
> Task :extractIncludeNoQuickstepDebugProto UP-TO-DATE
> Task :extractNoQuickstepDebugProto UP-TO-DATE
> Task :extractNoQuickstepProto UP-TO-DATE
> Task :extractProto UP-TO-DATE
> Task :generateNoQuickstepDebugProto UP-TO-DATE
> Task :checkNoQuickstepDebugAarMetadata UP-TO-DATE
> Task :generateNoQuickstepDebugResValues UP-TO-DATE
> Task :mapNoQuickstepDebugSourceSetPaths UP-TO-DATE
> Task :generateNoQuickstepDebugResources UP-TO-DATE
> Task :mergeNoQuickstepDebugResources UP-TO-DATE
> Task :packageNoQuickstepDebugResources UP-TO-DATE
> Task :parseNoQuickstepDebugLocalResources UP-TO-DATE
> Task :createNoQuickstepDebugCompatibleScreenManifests UP-TO-DATE
> Task :extractDeepLinksNoQuickstepDebug UP-TO-DATE
> Task :processNoQuickstepDebugMainManifest UP-TO-DATE
> Task :processNoQuickstepDebugManifest UP-TO-DATE
> Task :processNoQuickstepDebugManifestForPackage UP-TO-DATE
> Task :processNoQuickstepDebugResources UP-TO-DATE
> Task :javaPreCompileNoQuickstepDebug UP-TO-DATE
> Task :mergeNoQuickstepDebugShaders UP-TO-DATE
> Task :compileNoQuickstepDebugShaders NO-SOURCE
> Task :generateNoQuickstepDebugAssets UP-TO-DATE
> Task :mergeNoQuickstepDebugAssets UP-TO-DATE
> Task :compressNoQuickstepDebugAssets UP-TO-DATE
> Task :checkNoQuickstepDebugDuplicateClasses UP-TO-DATE
> Task :desugarNoQuickstepDebugFileDependencies UP-TO-DATE
> Task :mergeExtDexNoQuickstepDebug UP-TO-DATE
> Task :mergeLibDexNoQuickstepDebug UP-TO-DATE
> Task :mergeNoQuickstepDebugJniLibFolders UP-TO-DATE
> Task :mergeNoQuickstepDebugNativeLibs UP-TO-DATE
> Task :stripNoQuickstepDebugDebugSymbols UP-TO-DATE
> Task :validateSigningNoQuickstepDebug UP-TO-DATE
> Task :writeNoQuickstepDebugAppMetadata UP-TO-DATE
> Task :writeNoQuickstepDebugSigningConfigVersions UP-TO-DATE
> Task :kspNoQuickstepDebugKotlin
> Task :compileNoQuickstepDebugKotlin
w: file:///data/data/com.termux/files/home/Launcher3/deferred-appfunctions-widgetpicker/PreviewContext.kt:132:27 Java type mismatch: inferred type is 'kotlin.Array<(out) java.io.File!>?', but 'kotlin.Array<(out) java.io.File!>' was expected.
w: file:///data/data/com.termux/files/home/Launcher3/deferred-appfunctions-widgetpicker/PreviewLifecycleObserver.kt:29:8 'class Executors : Any' is deprecated. Deprecated in Java.
w: file:///data/data/com.termux/files/home/Launcher3/deferred-appfunctions-widgetpicker/PreviewLifecycleObserver.kt:51:90 'fun get(p0: String!): Any?' is deprecated. Deprecated in Java.
w: file:///data/data/com.termux/files/home/Launcher3/deferred-appfunctions-widgetpicker/PreviewLifecycleObserver.kt:70:13 'val MESSAGE_ID_UPDATE_SHAPE: Int' is deprecated. Use [MESSAGE_ID_UPDATE_COMMAND] instead.
w: file:///data/data/com.termux/files/home/Launcher3/deferred-appfunctions-widgetpicker/PreviewLifecycleObserver.kt:72:13 'val MESSAGE_ID_UPDATE_GRID: Int' is deprecated. Use [MESSAGE_ID_UPDATE_COMMAND] instead.
w: file:///data/data/com.termux/files/home/Launcher3/deferred-appfunctions-widgetpicker/PreviewLifecycleObserver.kt:74:13 'val MESSAGE_ID_UPDATE_ICON_THEMED: Int' is deprecated. Use [MESSAGE_ID_UPDATE_COMMAND] instead.
w: file:///data/data/com.termux/files/home/Launcher3/deferred-appfunctions-widgetpicker/PreviewLifecycleObserver.kt:82:17 'class Executors : Any' is deprecated. Deprecated in Java.
w: file:///data/data/com.termux/files/home/Launcher3/deferred-appfunctions-widgetpicker/PreviewLifecycleObserver.kt:82:27 'static field MAIN_EXECUTOR: LooperExecutor!' is deprecated. Deprecated in Java.
w: file:///data/data/com.termux/files/home/Launcher3/deferred-appfunctions-widgetpicker/PreviewLifecycleObserver.kt:90:9 'class Executors : Any' is deprecated. Deprecated in Java.
w: file:///data/data/com.termux/files/home/Launcher3/deferred-appfunctions-widgetpicker/PreviewLifecycleObserver.kt:90:19 'static field MAIN_EXECUTOR: LooperExecutor!' is deprecated. Deprecated in Java.
w: file:///data/data/com.termux/files/home/Launcher3/deferred-appfunctions-widgetpicker/widgetpicker/repository/WidgetAppIconsRepositoryImpl.kt:23:8 'class Executors : Any' is deprecated. Deprecated in Java.
w: file:///data/data/com.termux/files/home/Launcher3/deferred-appfunctions-widgetpicker/widgetpicker/repository/WidgetAppIconsRepositoryImpl.kt:53:13 'static field MAIN_EXECUTOR: LooperExecutor!' is deprecated. Deprecated in Java.
w: file:///data/data/com.termux/files/home/Launcher3/deferred-appfunctions-widgetpicker/widgetpicker/repository/WidgetsRepositoryImpl.kt:31:8 'class Executors : Any' is deprecated. Deprecated in Java.
w: file:///data/data/com.termux/files/home/Launcher3/iconloader/src/com/android/launcher3/icons/BaseIconFactory.kt:76:17 Condition is always 'true'.
w: file:///data/data/com.termux/files/home/Launcher3/iconloader/src/com/android/launcher3/icons/BitmapInfo.kt:223:18 Expected performance impact from inlining is insignificant. Inlining works best for functions with parameters of function types.
w: file:///data/data/com.termux/files/home/Launcher3/iconloader/src/com/android/launcher3/icons/ClockDrawableWrapper.kt:273:21 'fun getDrawableForDensity(p0: Int, p1: Int): Drawable?' is deprecated. Deprecated in Java.
w: file:///data/data/com.termux/files/home/Launcher3/iconloader/src/com/android/launcher3/icons/cache/BaseIconCache.kt:403:25 'constructor(p0: Bitmap!): BitmapDrawable' is deprecated. Deprecated in Java.
w: file:///data/data/com.termux/files/home/Launcher3/iconloader/src/com/android/launcher3/icons/cache/BaseIconCache.kt:408:42 Condition is always 'true'.
w: file:///data/data/com.termux/files/home/Launcher3/iconloader/src/com/android/launcher3/icons/cache/CacheLookupFlag.kt:22:28 Non-public primary constructor is exposed via the generated 'copy()' method of the 'data' class.

The generated 'copy()' will change its visibility in future releases.

To suppress the warning do one of the following:
- Annotate the data class with the '@ConsistentCopyVisibility' annotation.
- Use the '-Xconsistent-data-class-copy-visibility' compiler flag.
- Annotate the data class with the '@ExposedCopyVisibility' annotation 
  (Discouraged, but can be used to keep binary compatibility).

To learn more, see the documentation of the '@ConsistentCopyVisibility' and '@ExposedCopyVisibility' annotations.

This will become an error in Kotlin 2.1.
w: file:///data/data/com.termux/files/home/Launcher3/iconloader/src/com/android/launcher3/icons/mono/ThemedIconDelegate.kt:91:43 'fun getColor(p0: Int): Int' is deprecated. Deprecated in Java.
w: file:///data/data/com.termux/files/home/Launcher3/iconloader/src/com/android/launcher3/icons/mono/ThemedIconDelegate.kt:92:43 'fun getColor(p0: Int): Int' is deprecated. Deprecated in Java.
w: file:///data/data/com.termux/files/home/Launcher3/iconloader/src/com/android/launcher3/icons/mono/ThemedIconDelegate.kt:94:25 'fun getColor(p0: Int): Int' is deprecated. Deprecated in Java.
w: file:///data/data/com.termux/files/home/Launcher3/iconloader/src/com/android/launcher3/icons/mono/ThemedIconDelegate.kt:95:44 'fun getColor(p0: Int): Int' is deprecated. Deprecated in Java.
w: file:///data/data/com.termux/files/home/Launcher3/iconloader/src/com/android/launcher3/icons/mono/ThemedIconDelegate.kt:96:44 'fun getColor(p0: Int): Int' is deprecated. Deprecated in Java.
w: file:///data/data/com.termux/files/home/Launcher3/src/com/android/launcher3/AppWidgetResizeFrame.kt:255:13 'var reconfigureButton: ImageButton?' is deprecated. Replaced with an option in popup when homeScreenEditImprovements flag is on.
w: file:///data/data/com.termux/files/home/Launcher3/src/com/android/launcher3/AppWidgetResizeFrame.kt:273:18 'fun hasSeenReconfigurableWidgetEducationTip(): Boolean' is deprecated. Will be removed as part of homeScreenEditImprovements flag.
w: file:///data/data/com.termux/files/home/Launcher3/src/com/android/launcher3/AppWidgetResizeFrame.kt:275:25 'fun showReconfigurableWidgetEducationTip(): ArrowTipView?' is deprecated. Will be removed as part of homeScreenEditImprovements flag.
w: file:///data/data/com.termux/files/home/Launcher3/src/com/android/launcher3/AppWidgetResizeFrame.kt:746:31 'var reconfigureButton: ImageButton?' is deprecated. Replaced with an option in popup when homeScreenEditImprovements flag is on.
w: file:///data/data/com.termux/files/home/Launcher3/src/com/android/launcher3/AppWidgetResizeFrame.kt:981:31 'var reconfigureButton: ImageButton?' is deprecated. Replaced with an option in popup when homeScreenEditImprovements flag is on.
w: file:///data/data/com.termux/files/home/Launcher3/src/com/android/launcher3/BoxSelectionHelper.kt:158:21 Condition is always 'true'.
w: file:///data/data/com.termux/files/home/Launcher3/src/com/android/launcher3/InMemoryLauncherPrefs.kt:23:8 'class Executors : Any' is deprecated. Deprecated in Java.
w: file:///data/data/com.termux/files/home/Launcher3/src/com/android/launcher3/InMemoryLauncherPrefs.kt:135:13 'static field MAIN_EXECUTOR: LooperExecutor!' is deprecated. Deprecated in Java.
w: file:///data/data/com.termux/files/home/Launcher3/src/com/android/launcher3/LauncherModel.kt:47:8 'class Executors : Any' is deprecated. Deprecated in Java.
w: file:///data/data/com.termux/files/home/Launcher3/src/com/android/launcher3/LauncherPrefs.kt:390:60 'val backedUpPrefs: SharedPreferences' is deprecated. Don't use shared preferences directly. Use other LauncherPref methods.
w: file:///data/data/com.termux/files/home/Launcher3/src/com/android/launcher3/ModelCallbacks.kt:37:8 'class Executors : Any' is deprecated. Deprecated in Java.
w: file:///data/data/com.termux/files/home/Launcher3/src/com/android/launcher3/ModelCallbacks.kt:38:8 'class Executors : Any' is deprecated. Deprecated in Java.
w: file:///data/data/com.termux/files/home/Launcher3/src/com/android/launcher3/ModelCallbacks.kt:39:8 'class Executors : Any' is deprecated. Deprecated in Java.
w: file:///data/data/com.termux/files/home/Launcher3/src/com/android/launcher3/ModelCallbacks.kt:85:44 'static field MAIN_EXECUTOR: LooperExecutor!' is deprecated. Deprecated in Java.
w: file:///data/data/com.termux/files/home/Launcher3/src/com/android/launcher3/ModelCallbacks.kt:340:13 'data class LauncherAppState : Any' is deprecated. Inject the specific targets directly instead of using LauncherAppState.
w: file:///data/data/com.termux/files/home/Launcher3/src/com/android/launcher3/ModelCallbacks.kt:484:55 'static field MAIN_EXECUTOR: LooperExecutor!' is deprecated. Deprecated in Java.
w: file:///data/data/com.termux/files/home/Launcher3/src/com/android/launcher3/ModelCallbacks.kt:507:9 'static field MAIN_EXECUTOR: LooperExecutor!' is deprecated. Deprecated in Java.
w: file:///data/data/com.termux/files/home/Launcher3/src/com/android/launcher3/ModelCallbacks.kt:542:52 'static field MAIN_EXECUTOR: LooperExecutor!' is deprecated. Deprecated in Java.
w: file:///data/data/com.termux/files/home/Launcher3/src/com/android/launcher3/ModelCallbacks.kt:555:9 'class Executors : Any' is deprecated. Deprecated in Java.
w: file:///data/data/com.termux/files/home/Launcher3/src/com/android/launcher3/ModelCallbacks.kt:561:13 'static field MAIN_EXECUTOR: LooperExecutor!' is deprecated. Deprecated in Java.
w: file:///data/data/com.termux/files/home/Launcher3/src/com/android/launcher3/ModelCallbacks.kt:620:21 'static field MAIN_EXECUTOR: LooperExecutor!' is deprecated. Deprecated in Java.
w: file:///data/data/com.termux/files/home/Launcher3/src/com/android/launcher3/ModelCallbacks.kt:627:40 'static field MAIN_EXECUTOR: LooperExecutor!' is deprecated. Deprecated in Java.
w: file:///data/data/com.termux/files/home/Launcher3/src/com/android/launcher3/ModelCallbacks.kt:627:59 'static field UI_HELPER_EXECUTOR: LooperExecutor!' is deprecated. Deprecated in Java.
w: file:///data/data/com.termux/files/home/Launcher3/src/com/android/launcher3/ModelCallbacks.kt:632:21 'static field MAIN_EXECUTOR: LooperExecutor!' is deprecated. Deprecated in Java.
w: file:///data/data/com.termux/files/home/Launcher3/src/com/android/launcher3/ModelCallbacks.kt:650:21 'static field UI_HELPER_EXECUTOR: LooperExecutor!' is deprecated. Deprecated in Java.
w: file:///data/data/com.termux/files/home/Launcher3/src/com/android/launcher3/ModelCallbacks.kt:654:21 'static field MAIN_EXECUTOR: LooperExecutor!' is deprecated. Deprecated in Java.
w: file:///data/data/com.termux/files/home/Launcher3/src/com/android/launcher3/PillColorProvider.kt:24:8 'class Executors : Any' is deprecated. Deprecated in Java.
w: file:///data/data/com.termux/files/home/Launcher3/src/com/android/launcher3/PillColorProvider.kt:41:34 'static field ORDERED_BG_EXECUTOR: LooperExecutor!' is deprecated. Deprecated in Java.
w: file:///data/data/com.termux/files/home/Launcher3/src/com/android/launcher3/RemoveAnimationSettingsTracker.kt:35:8 'class Executors : Any' is deprecated. Deprecated in Java.
w: file:///data/data/com.termux/files/home/Launcher3/src/com/android/launcher3/deviceprofile/TaskbarDeviceProfileFactory.kt:42:44 'fun changeIconSize(iconSizePx: Int): WorkspaceProfile' is deprecated. This classes should be treated as immutable, in order to change it weshould use a factory and create a new one.
w: file:///data/data/com.termux/files/home/Launcher3/src/com/android/launcher3/deviceprofile/WorkspaceProfile.kt:32:8 'object WorkspaceProfileNonResponsiveFactory : Any' is deprecated. Non responsive grids are deprecated, please refer to responsive grid for a replacement. Nexus Launcher doesn't use Non Scalable grids anymore.
w: file:///data/data/com.termux/files/home/Launcher3/src/com/android/launcher3/deviceprofile/WorkspaceProfile.kt:155:13 'object WorkspaceProfileNonResponsiveFactory : Any' is deprecated. Non responsive grids are deprecated, please refer to responsive grid for a replacement. Nexus Launcher doesn't use Non Scalable grids anymore.
w: file:///data/data/com.termux/files/home/Launcher3/src/com/android/launcher3/deviceprofile/WorkspaceProfileNonResponsiveFactory.kt:664:34 'fun calculateAndSetWorkspaceVerticalPadding(context: Context, inv: InvariantDeviceProfile): WorkspaceProfile' is deprecated. This is only used for scalable which is deprecated. This should also go away once we add extraSpace into the WorkspaceProfile.
w: file:///data/data/com.termux/files/home/Launcher3/src/com/android/launcher3/deviceprofile/WorkspaceProfileNonResponsiveFactory.kt:669:33 'fun recalculateWorkspacePadding(isVerticalLayout: Boolean, isSeascape: Boolean, isFixedLandscape: Boolean, isScalableGrid: Boolean, hotseatProfile: HotseatProfileInitialValues, deviceProperties: DeviceProperties, res: Resources, inv: InvariantDeviceProfile): WorkspaceProfile' is deprecated. This classes should be treated as immutable, in order to change it weshould use a factory and create a new one.
w: file:///data/data/com.termux/files/home/Launcher3/src/com/android/launcher3/display/DisplayControllerImpl.kt:31:8 'class Executors : Any' is deprecated. Deprecated in Java.
w: file:///data/data/com.termux/files/home/Launcher3/src/com/android/launcher3/display/DisplayControllerImpl.kt:62:54 'class Executors : Any' is deprecated. Deprecated in Java.
w: file:///data/data/com.termux/files/home/Launcher3/src/com/android/launcher3/display/DisplayControllerImpl.kt:62:64 'static field MAIN_EXECUTOR: LooperExecutor!' is deprecated. Deprecated in Java.
w: file:///data/data/com.termux/files/home/Launcher3/src/com/android/launcher3/display/DisplayControllerImpl.kt:72:17 'val perDisplayInfo: SparseArray<DisplayInfoContainer>' is deprecated. Will replace it with threadSafePerDisplayInfo.
w: file:///data/data/com.termux/files/home/Launcher3/src/com/android/launcher3/display/DisplayControllerImpl.kt:84:13 'val perDisplayInfo: SparseArray<DisplayInfoContainer>' is deprecated. Will replace it with threadSafePerDisplayInfo.
w: file:///data/data/com.termux/files/home/Launcher3/src/com/android/launcher3/display/DisplayControllerImpl.kt:86:21 'val perDisplayInfo: SparseArray<DisplayInfoContainer>' is deprecated. Will replace it with threadSafePerDisplayInfo.
w: file:///data/data/com.termux/files/home/Launcher3/src/com/android/launcher3/display/DisplayControllerImpl.kt:105:14 'val perDisplayInfo: SparseArray<DisplayInfoContainer>' is deprecated. Will replace it with threadSafePerDisplayInfo.
w: file:///data/data/com.termux/files/home/Launcher3/src/com/android/launcher3/display/DisplayControllerImpl.kt:117:13 'val perDisplayInfo: SparseArray<DisplayInfoContainer>' is deprecated. Will replace it with threadSafePerDisplayInfo.
w: file:///data/data/com.termux/files/home/Launcher3/src/com/android/launcher3/display/DisplayControllerImpl.kt:118:13 'val perDisplayInfo: SparseArray<DisplayInfoContainer>' is deprecated. Will replace it with threadSafePerDisplayInfo.
w: file:///data/data/com.termux/files/home/Launcher3/src/com/android/launcher3/display/DisplayControllerImpl.kt:129:13 'val perDisplayInfo: SparseArray<DisplayInfoContainer>' is deprecated. Will replace it with threadSafePerDisplayInfo.
w: file:///data/data/com.termux/files/home/Launcher3/src/com/android/launcher3/display/DisplayInfoContainer.kt:92:18 This declaration overrides a deprecated member but is not marked as deprecated itself. Please add the '@Deprecated' annotation or suppress the diagnostic.
w: file:///data/data/com.termux/files/home/Launcher3/src/com/android/launcher3/display/PortraitSize.kt:22:25 Non-public primary constructor is exposed via the generated 'copy()' method of the 'data' class.

The generated 'copy()' will change its visibility in future releases.

To suppress the warning do one of the following:
- Annotate the data class with the '@ConsistentCopyVisibility' annotation.
- Use the '-Xconsistent-data-class-copy-visibility' compiler flag.
- Annotate the data class with the '@ExposedCopyVisibility' annotation 
  (Discouraged, but can be used to keep binary compatibility).

To learn more, see the documentation of the '@ConsistentCopyVisibility' and '@ExposedCopyVisibility' annotations.

This will become an error in Kotlin 2.1.
w: file:///data/data/com.termux/files/home/Launcher3/src/com/android/launcher3/dragndrop/AddItemActivity.kt:35:8 'data class LauncherAppState : Any' is deprecated. Inject the specific targets directly instead of using LauncherAppState.
w: file:///data/data/com.termux/files/home/Launcher3/src/com/android/launcher3/dragndrop/AddItemActivity.kt:60:31 'data class LauncherAppState : Any' is deprecated. Inject the specific targets directly instead of using LauncherAppState.
w: file:///data/data/com.termux/files/home/Launcher3/src/com/android/launcher3/dragndrop/AddItemActivity.kt:197:78 'field label: String!' is deprecated. Deprecated in Java.
w: file:///data/data/com.termux/files/home/Launcher3/src/com/android/launcher3/dragndrop/AddItemActivity.kt:273:44 'static fun obtain(p0: Int): AccessibilityEvent!' is deprecated. Deprecated in Java.
w: file:///data/data/com.termux/files/home/Launcher3/src/com/android/launcher3/dragndrop/AddItemActivity.kt:273:70 'static field TYPE_ANNOUNCEMENT: Int' is deprecated. Deprecated in Java.
w: file:///data/data/com.termux/files/home/Launcher3/src/com/android/launcher3/folder/FolderNameSuggestionLoader.kt:24:8 'class Executors : Any' is deprecated. Deprecated in Java.
w: file:///data/data/com.termux/files/home/Launcher3/src/com/android/launcher3/graphics/LauncherCustomizationProvider.kt:46:70 'static field GET_SIGNATURES: Int' is deprecated. Deprecated in Java.
w: file:///data/data/com.termux/files/home/Launcher3/src/com/android/launcher3/graphics/LauncherCustomizationProvider.kt:46:87 'field signatures: (Array<Signature!>?..Array<out Signature!>?)' is deprecated. Deprecated in Java.
w: file:///data/data/com.termux/files/home/Launcher3/src/com/android/launcher3/graphics/PreloadIconDelegate.kt:427:53 'fun getColor(p0: Int): Int' is deprecated. Deprecated in Java.
w: file:///data/data/com.termux/files/home/Launcher3/src/com/android/launcher3/graphics/PreloadIconDelegate.kt:428:57 'fun getColor(p0: Int): Int' is deprecated. Deprecated in Java.
w: file:///data/data/com.termux/files/home/Launcher3/src/com/android/launcher3/graphics/PreloadIconDelegate.kt:429:61 'fun getColor(p0: Int): Int' is deprecated. Deprecated in Java.
w: file:///data/data/com.termux/files/home/Launcher3/src/com/android/launcher3/homescreenfiles/HomeScreenFilesUpdateTask.kt:69:5 Non-public primary constructor is exposed via the generated 'copy()' method of the 'data' class.

The generated 'copy()' will change its visibility in future releases.

To suppress the warning do one of the following:
- Annotate the data class with the '@ConsistentCopyVisibility' annotation.
- Use the '-Xconsistent-data-class-copy-visibility' compiler flag.
- Annotate the data class with the '@ExposedCopyVisibility' annotation 
  (Discouraged, but can be used to keep binary compatibility).

To learn more, see the documentation of the '@ConsistentCopyVisibility' and '@ExposedCopyVisibility' annotations.

This will become an error in Kotlin 2.1.
w: file:///data/data/com.termux/files/home/Launcher3/src/com/android/launcher3/icons/IconCache.kt:74:8 'class Executors : Any' is deprecated. Deprecated in Java.
w: file:///data/data/com.termux/files/home/Launcher3/src/com/android/launcher3/icons/IconCache.kt:75:8 'class Executors : Any' is deprecated. Deprecated in Java.
w: file:///data/data/com.termux/files/home/Launcher3/src/com/android/launcher3/icons/IconCache.kt:103:20 'class Executors : Any' is deprecated. Deprecated in Java.
w: file:///data/data/com.termux/files/home/Launcher3/src/com/android/launcher3/icons/IconCache.kt:113:41 'static field MAIN_EXECUTOR: LooperExecutor!' is deprecated. Deprecated in Java.
w: file:///data/data/com.termux/files/home/Launcher3/src/com/android/launcher3/icons/IconCache.kt:152:9 'class Executors : Any' is deprecated. Deprecated in Java.
w: file:///data/data/com.termux/files/home/Launcher3/src/com/android/launcher3/icons/IconCache.kt:193:17 'class Executors : Any' is deprecated. Deprecated in Java.
w: file:///data/data/com.termux/files/home/Launcher3/src/com/android/launcher3/icons/IconCache.kt:209:13 'class Executors : Any' is deprecated. Deprecated in Java.
w: file:///data/data/com.termux/files/home/Launcher3/src/com/android/launcher3/icons/IconCache.kt:589:13 Condition is always 'false'.
w: file:///data/data/com.termux/files/home/Launcher3/src/com/android/launcher3/keyboard/KeyboardStateManager.kt:29:8 'class Executors : Any' is deprecated. Deprecated in Java.
w: file:///data/data/com.termux/files/home/Launcher3/src/com/android/launcher3/keyboard/KeyboardStateManager.kt:106:13 'class Executors : Any' is deprecated. Deprecated in Java.
w: file:///data/data/com.termux/files/home/Launcher3/src/com/android/launcher3/keyboard/KeyboardStateManager.kt:106:23 'static field UI_HELPER_EXECUTOR: LooperExecutor!' is deprecated. Deprecated in Java.
w: file:///data/data/com.termux/files/home/Launcher3/src/com/android/launcher3/keyboard/KeyboardStateManager.kt:110:21 'class Executors : Any' is deprecated. Deprecated in Java.
w: file:///data/data/com.termux/files/home/Launcher3/src/com/android/launcher3/keyboard/KeyboardStateManager.kt:110:31 'static field MAIN_EXECUTOR: LooperExecutor!' is deprecated. Deprecated in Java.
w: file:///data/data/com.termux/files/home/Launcher3/src/com/android/launcher3/logging/FileLog.kt:255:30 Unchecked cast of 'kotlin.Any!' to 'android.util.Pair<java.io.PrintWriter?, java.util.concurrent.CountDownLatch?>'.
w: file:///data/data/com.termux/files/home/Launcher3/src/com/android/launcher3/logging/RecreateTaskbarLatencyLogger.kt:22:8 'class Executors : Any' is deprecated. Deprecated in Java.
w: file:///data/data/com.termux/files/home/Launcher3/src/com/android/launcher3/logging/StartupLatencyLogger.kt:32:8 'class Executors : Any' is deprecated. Deprecated in Java.
w: file:///data/data/com.termux/files/home/Launcher3/src/com/android/launcher3/logging/StartupLatencyLogger.kt:85:13 'class Executors : Any' is deprecated. Deprecated in Java.
w: file:///data/data/com.termux/files/home/Launcher3/src/com/android/launcher3/logging/StartupLatencyLogger.kt:85:23 'static field MAIN_EXECUTOR: LooperExecutor!' is deprecated. Deprecated in Java.
w: file:///data/data/com.termux/files/home/Launcher3/src/com/android/launcher3/model/BgDataModel.kt:53:8 'class Executors : Any' is deprecated. Deprecated in Java.
w: file:///data/data/com.termux/files/home/Launcher3/src/com/android/launcher3/model/BgDataModel.kt:117:9 'val extraItems: IntSparseArrayMap<BgDataModel.FixedContainerItems>' is deprecated. Use independent repository for each extra item.
w: file:///data/data/com.termux/files/home/Launcher3/src/com/android/launcher3/model/BgDataModel.kt:127:9 'val extraItems: IntSparseArrayMap<BgDataModel.FixedContainerItems>' is deprecated. Use independent repository for each extra item.
w: file:///data/data/com.termux/files/home/Launcher3/src/com/android/launcher3/model/BgDataModel.kt:422:13 'class Executors : Any' is deprecated. Deprecated in Java.
w: file:///data/data/com.termux/files/home/Launcher3/src/com/android/launcher3/model/BgDataModel.kt:422:23 'static field MAIN_EXECUTOR: LooperExecutor!' is deprecated. Deprecated in Java.
w: file:///data/data/com.termux/files/home/Launcher3/src/com/android/launcher3/model/DbEntry.kt:130:80 'fun toURI(): String!' is deprecated. Deprecated in Java.
w: file:///data/data/com.termux/files/home/Launcher3/src/com/android/launcher3/model/FirstScreenBroadcastHelper.kt:30:8 'class Executors : Any' is deprecated. Deprecated in Java.
w: file:///data/data/com.termux/files/home/Launcher3/src/com/android/launcher3/model/FirstScreenBroadcastHelper.kt:116:61 Unchecked cast of 'kotlin.collections.Map<kotlin.String?, kotlin.collections.Set<kotlin.String>>' to 'kotlin.collections.Map<kotlin.String, kotlin.collections.Set<kotlin.String>>'.
w: file:///data/data/com.termux/files/home/Launcher3/src/com/android/launcher3/model/FirstScreenBroadcastHelper.kt:138:37 Unchecked cast of 'kotlin.collections.MutableMap<kotlin.String?, kotlin.collections.MutableList<com.android.launcher3.model.data.ItemInfo>>' to 'kotlin.collections.Map<kotlin.String, kotlin.collections.List<com.android.launcher3.model.data.ItemInfo>>'.
w: file:///data/data/com.termux/files/home/Launcher3/src/com/android/launcher3/model/FirstScreenBroadcastHelper.kt:212:20 'class Executors : Any' is deprecated. Deprecated in Java.
w: file:///data/data/com.termux/files/home/Launcher3/src/com/android/launcher3/model/FirstScreenBroadcastHelper.kt:212:30 'static field MAIN_EXECUTOR: LooperExecutor!' is deprecated. Deprecated in Java.
w: file:///data/data/com.termux/files/home/Launcher3/src/com/android/launcher3/model/ModelInitializer.kt:55:8 'class Executors : Any' is deprecated. Deprecated in Java.
w: file:///data/data/com.termux/files/home/Launcher3/src/com/android/launcher3/model/ModelInitializer.kt:56:8 'class Executors : Any' is deprecated. Deprecated in Java.
w: file:///data/data/com.termux/files/home/Launcher3/src/com/android/launcher3/model/ModelInitializer.kt:57:8 'class Executors : Any' is deprecated. Deprecated in Java.
w: file:///data/data/com.termux/files/home/Launcher3/src/com/android/launcher3/model/ModelInitializer.kt:122:28 'static field UI_HELPER_EXECUTOR: LooperExecutor!' is deprecated. Deprecated in Java.
w: file:///data/data/com.termux/files/home/Launcher3/src/com/android/launcher3/model/ModelInitializer.kt:133:50 'static field UI_HELPER_EXECUTOR: LooperExecutor!' is deprecated. Deprecated in Java.
w: file:///data/data/com.termux/files/home/Launcher3/src/com/android/launcher3/model/ModelInitializer.kt:148:17 'static field MAIN_EXECUTOR: LooperExecutor!' is deprecated. Deprecated in Java.
w: file:///data/data/com.termux/files/home/Launcher3/src/com/android/launcher3/model/ModelInitializer.kt:156:78 'static field MAIN_EXECUTOR: LooperExecutor!' is deprecated. Deprecated in Java.
w: file:///data/data/com.termux/files/home/Launcher3/src/com/android/launcher3/model/ModelInitializer.kt:208:48 'static field MAIN_EXECUTOR: LooperExecutor!' is deprecated. Deprecated in Java.
w: file:///data/data/com.termux/files/home/Launcher3/src/com/android/launcher3/model/ModelProxyProvider.kt:43:8 'class Executors : Any' is deprecated. Deprecated in Java.
w: file:///data/data/com.termux/files/home/Launcher3/src/com/android/launcher3/model/ModelProxyProvider.kt:207:20 'class Executors : Any' is deprecated. Deprecated in Java.
w: file:///data/data/com.termux/files/home/Launcher3/src/com/android/launcher3/model/ModelTaskController.kt:29:8 'class Executors : Any' is deprecated. Deprecated in Java.
w: file:///data/data/com.termux/files/home/Launcher3/src/com/android/launcher3/model/ModelTaskController.kt:46:30 'static field MAIN_EXECUTOR: LooperExecutor!' is deprecated. Deprecated in Java.
w: file:///data/data/com.termux/files/home/Launcher3/src/com/android/launcher3/model/ModelWriter.kt:38:8 'class Executors : Any' is deprecated. Deprecated in Java.
w: file:///data/data/com.termux/files/home/Launcher3/src/com/android/launcher3/model/ModelWriter.kt:52:45 'class Executors : Any' is deprecated. Deprecated in Java.
w: file:///data/data/com.termux/files/home/Launcher3/src/com/android/launcher3/model/ModelWriter.kt:257:18 This declaration overrides a deprecated member but is not marked as deprecated itself. Please add the '@Deprecated' annotation or suppress the diagnostic.
w: file:///data/data/com.termux/files/home/Launcher3/src/com/android/launcher3/model/ModelWriter.kt:309:28 'static field IS_DEBUG_DEVICE: Boolean' is deprecated. Deprecated in Java.
w: file:///data/data/com.termux/files/home/Launcher3/src/com/android/launcher3/model/ModelWriter.kt:310:35 'static field IS_STUDIO_BUILD: Boolean' is deprecated. Deprecated in Java.
w: file:///data/data/com.termux/files/home/Launcher3/src/com/android/launcher3/model/ModelWriterFactory.kt:28:8 'class Executors : Any' is deprecated. Deprecated in Java.
w: file:///data/data/com.termux/files/home/Launcher3/src/com/android/launcher3/model/StringCache.kt:28:1 Non-public primary constructor is exposed via the generated 'copy()' method of the 'data' class.

The generated 'copy()' will change its visibility in future releases.

To suppress the warning do one of the following:
- Annotate the data class with the '@ConsistentCopyVisibility' annotation.
- Use the '-Xconsistent-data-class-copy-visibility' compiler flag.
- Annotate the data class with the '@ExposedCopyVisibility' annotation 
  (Discouraged, but can be used to keep binary compatibility).

To learn more, see the documentation of the '@ConsistentCopyVisibility' and '@ExposedCopyVisibility' annotations.

This will become an error in Kotlin 2.1.
w: file:///data/data/com.termux/files/home/Launcher3/src/com/android/launcher3/model/testing/FakeModelWriter.kt:172:18 This declaration overrides a deprecated member but is not marked as deprecated itself. Please add the '@Deprecated' annotation or suppress the diagnostic.
w: file:///data/data/com.termux/files/home/Launcher3/src/com/android/launcher3/pm/UserCache.kt:98:27 'fun <T : Parcelable!> getParcelableExtra(p0: String!): T?' is deprecated. Deprecated in Java.
w: file:///data/data/com.termux/files/home/Launcher3/src/com/android/launcher3/popup/AppLockShortcut.kt:29:8 'class Executors : Any' is deprecated. Deprecated in Java.
w: file:///data/data/com.termux/files/home/Launcher3/src/com/android/launcher3/popup/AppLockShortcut.kt:72:17 'class Executors : Any' is deprecated. Deprecated in Java.
w: file:///data/data/com.termux/files/home/Launcher3/src/com/android/launcher3/popup/AppLockShortcut.kt:72:27 'static field ORDERED_BG_EXECUTOR: LooperExecutor!' is deprecated. Deprecated in Java.
w: file:///data/data/com.termux/files/home/Launcher3/src/com/android/launcher3/popup/PinToTaskbarShortcut.kt:31:8 'data class LauncherAppState : Any' is deprecated. Inject the specific targets directly instead of using LauncherAppState.
w: file:///data/data/com.termux/files/home/Launcher3/src/com/android/launcher3/popup/PinToTaskbarShortcut.kt:76:13 'data class LauncherAppState : Any' is deprecated. Inject the specific targets directly instead of using LauncherAppState.
w: file:///data/data/com.termux/files/home/Launcher3/src/com/android/launcher3/popup/PopupContainerWithArrow.kt:45:8 'class Executors : Any' is deprecated. Deprecated in Java.
w: file:///data/data/com.termux/files/home/Launcher3/src/com/android/launcher3/popup/PopupContainerWithArrow.kt:104:59 Unchecked cast of 'com.android.launcher3.popup.PopupContainerWithArrow<T>' to 'com.android.launcher3.popup.PopupContainerWithArrow<com.android.launcher3.Launcher>'.
w: file:///data/data/com.termux/files/home/Launcher3/src/com/android/launcher3/popup/PopupContainerWithArrow.kt:200:13 'class Executors : Any' is deprecated. Deprecated in Java.
w: file:///data/data/com.termux/files/home/Launcher3/src/com/android/launcher3/popup/PopupContainerWithArrow.kt:210:13 'class Executors : Any' is deprecated. Deprecated in Java.
w: file:///data/data/com.termux/files/home/Launcher3/src/com/android/launcher3/popup/PopupControllerAppIcons.kt:59:68 Unchecked cast of '(com.android.launcher3.popup.SystemShortcut<com.android.launcher3.views.ActivityContext!>?..com.android.launcher3.popup.SystemShortcut<*>?)' to 'com.android.launcher3.popup.SystemShortcut<T>?'.
w: file:///data/data/com.termux/files/home/Launcher3/src/com/android/launcher3/provider/RestoreDbTask.kt:31:8 'data class LauncherAppState : Any' is deprecated. Inject the specific targets directly instead of using LauncherAppState.
w: file:///data/data/com.termux/files/home/Launcher3/src/com/android/launcher3/provider/RestoreDbTask.kt:370:28 'val db: SQLiteDatabase' is deprecated. Use [getTable] instead.
w: file:///data/data/com.termux/files/home/Launcher3/src/com/android/launcher3/provider/RestoreDbTask.kt:400:38 'val db: SQLiteDatabase' is deprecated. Use [getTable] instead.
w: file:///data/data/com.termux/files/home/Launcher3/src/com/android/launcher3/provider/RestoreDbTask.kt:401:9 'data class LauncherAppState : Any' is deprecated. Inject the specific targets directly instead of using LauncherAppState.
w: file:///data/data/com.termux/files/home/Launcher3/src/com/android/launcher3/provider/RestoreDbTask.kt:483:33 'val db: SQLiteDatabase' is deprecated. Use [getTable] instead.
w: file:///data/data/com.termux/files/home/Launcher3/src/com/android/launcher3/provider/RestoreDbTask.kt:541:28 'val db: SQLiteDatabase' is deprecated. Use [getTable] instead.
w: file:///data/data/com.termux/files/home/Launcher3/src/com/android/launcher3/util/AsyncObjectAllocator.kt:23:8 'class Executors : Any' is deprecated. Deprecated in Java.
w: file:///data/data/com.termux/files/home/Launcher3/src/com/android/launcher3/util/AsyncObjectAllocator.kt:41:13 'constructor(namePrefix: String!, priority: Int): Executors.SimpleThreadFactory' is deprecated. Deprecated in Java.
w: file:///data/data/com.termux/files/home/Launcher3/src/com/android/launcher3/util/HybridHotseatOrganizer.kt:83:13 'class Executors : Any' is deprecated. Deprecated in Java.
w: file:///data/data/com.termux/files/home/Launcher3/src/com/android/launcher3/util/HybridHotseatOrganizer.kt:83:23 'static field MAIN_EXECUTOR: LooperExecutor!' is deprecated. Deprecated in Java.
w: file:///data/data/com.termux/files/home/Launcher3/src/com/android/launcher3/util/HybridHotseatOrganizer.kt:84:13 'class Executors : Any' is deprecated. Deprecated in Java.
w: file:///data/data/com.termux/files/home/Launcher3/src/com/android/launcher3/util/HybridHotseatOrganizer.kt:84:23 'static field MAIN_EXECUTOR: LooperExecutor!' is deprecated. Deprecated in Java.
w: file:///data/data/com.termux/files/home/Launcher3/src/com/android/launcher3/util/ItemInflater.kt:27:8 'data class LauncherAppState : Any' is deprecated. Inject the specific targets directly instead of using LauncherAppState.
w: file:///data/data/com.termux/files/home/Launcher3/src/com/android/launcher3/util/ItemInflater.kt:56:33 'data class LauncherAppState : Any' is deprecated. Inject the specific targets directly instead of using LauncherAppState.
w: file:///data/data/com.termux/files/home/Launcher3/src/com/android/launcher3/util/RetryingExecutor.kt:24:55 'constructor(): Handler' is deprecated. Deprecated in Java.
w: file:///data/data/com.termux/files/home/Launcher3/src/com/android/launcher3/util/WallpaperColorHints.kt:29:8 'class Executors : Any' is deprecated. Deprecated in Java.
w: file:///data/data/com.termux/files/home/Launcher3/src/com/android/launcher3/util/WallpaperColorHints.kt:30:8 'class Executors : Any' is deprecated. Deprecated in Java.
w: file:///data/data/com.termux/files/home/Launcher3/src/com/android/launcher3/util/WallpaperColorHints.kt:57:9 'static field UI_HELPER_EXECUTOR: LooperExecutor!' is deprecated. Deprecated in Java.
w: file:///data/data/com.termux/files/home/Launcher3/src/com/android/launcher3/util/WallpaperColorHints.kt:60:17 'static field MAIN_EXECUTOR: LooperExecutor!' is deprecated. Deprecated in Java.
w: file:///data/data/com.termux/files/home/Launcher3/src/com/android/launcher3/util/WallpaperColorHints.kt:64:13 'static field UI_HELPER_EXECUTOR: LooperExecutor!' is deprecated. Deprecated in Java.
w: file:///data/data/com.termux/files/home/Launcher3/src/com/android/launcher3/util/WallpaperThemeManager.kt:55:18 This declaration overrides a deprecated member but is not marked as deprecated itself. Please add the '@Deprecated' annotation or suppress the diagnostic.
w: file:///data/data/com.termux/files/home/Launcher3/src/com/android/launcher3/util/dagger/LauncherExecutorsModule.kt:27:8 'class Executors : Any' is deprecated. Deprecated in Java.
w: file:///data/data/com.termux/files/home/Launcher3/src/com/android/launcher3/util/dagger/LauncherExecutorsModule.kt:28:8 'class Executors : Any' is deprecated. Deprecated in Java.
w: file:///data/data/com.termux/files/home/Launcher3/src/com/android/launcher3/util/dagger/LauncherExecutorsModule.kt:82:57 'class Executors : Any' is deprecated. Deprecated in Java.
w: file:///data/data/com.termux/files/home/Launcher3/src/com/android/launcher3/util/dagger/LauncherExecutorsModule.kt:82:67 'static field MAIN_EXECUTOR: LooperExecutor!' is deprecated. Deprecated in Java.
w: file:///data/data/com.termux/files/home/Launcher3/src/com/android/launcher3/util/dagger/LauncherExecutorsModule.kt:92:63 'class Executors : Any' is deprecated. Deprecated in Java.
w: file:///data/data/com.termux/files/home/Launcher3/src/com/android/launcher3/util/dagger/LauncherExecutorsModule.kt:92:73 'static field UI_HELPER_EXECUTOR: LooperExecutor!' is deprecated. Deprecated in Java.
w: file:///data/data/com.termux/files/home/Launcher3/src/com/android/launcher3/util/dagger/LauncherExecutorsModule.kt:97:70 'class Executors : Any' is deprecated. Deprecated in Java.
w: file:///data/data/com.termux/files/home/Launcher3/src/com/android/launcher3/util/dagger/LauncherExecutorsModule.kt:97:80 'static field DATA_HELPER_EXECUTOR: LooperExecutor!' is deprecated. Deprecated in Java.
w: file:///data/data/com.termux/files/home/Launcher3/src/com/android/launcher3/util/dagger/LauncherExecutorsModule.kt:102:65 'class Executors : Any' is deprecated. Deprecated in Java.
w: file:///data/data/com.termux/files/home/Launcher3/src/com/android/launcher3/util/dagger/LauncherExecutorsModule.kt:102:75 'static field ORDERED_BG_EXECUTOR: LooperExecutor!' is deprecated. Deprecated in Java.
w: file:///data/data/com.termux/files/home/Launcher3/src/com/android/launcher3/util/dagger/LauncherExecutorsModule.kt:108:46 'class Executors : Any' is deprecated. Deprecated in Java.
w: file:///data/data/com.termux/files/home/Launcher3/src/com/android/launcher3/util/dagger/LauncherExecutorsModule.kt:108:56 'static field THREAD_POOL_EXECUTOR: ThreadPoolExecutor!' is deprecated. Deprecated in Java.
w: file:///data/data/com.termux/files/home/Launcher3/src/com/android/launcher3/util/window/RefreshRateTracker.kt:27:8 'class Executors : Any' is deprecated. Deprecated in Java.
w: file:///data/data/com.termux/files/home/Launcher3/src/com/android/launcher3/util/window/RefreshRateTracker.kt:43:50 'class Executors : Any' is deprecated. Deprecated in Java.
w: file:///data/data/com.termux/files/home/Launcher3/src/com/android/launcher3/util/window/RefreshRateTracker.kt:43:60 'static field UI_HELPER_EXECUTOR: LooperExecutor!' is deprecated. Deprecated in Java.
w: file:///data/data/com.termux/files/home/Launcher3/src/com/android/launcher3/views/DoubleShadowIconDrawable.kt:115:18 This declaration overrides a deprecated member but is not marked as deprecated itself. Please add the '@Deprecated' annotation or suppress the diagnostic.
w: file:///data/data/com.termux/files/home/Launcher3/src/com/android/launcher3/widget/ListenableAppWidgetHost.kt:23:8 'class Executors : Any' is deprecated. Deprecated in Java.
w: file:///data/data/com.termux/files/home/Launcher3/src/com/android/launcher3/widget/ListenableAppWidgetHost.kt:24:8 'class Executors : Any' is deprecated. Deprecated in Java.
w: file:///data/data/com.termux/files/home/Launcher3/src/com/android/launcher3/widget/ListenableAppWidgetHost.kt:25:8 'class Executors : Any' is deprecated. Deprecated in Java.
w: file:///data/data/com.termux/files/home/Launcher3/src/com/android/launcher3/widget/ListenableAppWidgetHost.kt:36:9 'static field MAIN_EXECUTOR: LooperExecutor!' is deprecated. Deprecated in Java.
w: file:///data/data/com.termux/files/home/Launcher3/src/com/android/launcher3/widget/ListenableAppWidgetHost.kt:50:13 'static field MAIN_EXECUTOR: LooperExecutor!' is deprecated. Deprecated in Java.
w: file:///data/data/com.termux/files/home/Launcher3/src/com/android/launcher3/widget/ListenableAppWidgetHost.kt:81:63 'class Executors : Any' is deprecated. Deprecated in Java.
w: file:///data/data/com.termux/files/home/Launcher3/src/com/android/launcher3/widget/ListenableAppWidgetHost.kt:81:73 'static field UI_HELPER_EXECUTOR: LooperExecutor!' is deprecated. Deprecated in Java.
w: file:///data/data/com.termux/files/home/Launcher3/src/com/android/launcher3/widget/util/WidgetSizeHandler.kt:31:8 'class Executors : Any' is deprecated. Deprecated in Java.
w: file:///data/data/com.termux/files/home/Launcher3/src/com/android/launcher3/widget/util/WidgetSizeHandler.kt:59:30 'class Executors : Any' is deprecated. Deprecated in Java.
w: file:///data/data/com.termux/files/home/Launcher3/src/com/android/launcher3/widget/util/WidgetSizeHandler.kt:59:40 'static field UI_HELPER_EXECUTOR: LooperExecutor!' is deprecated. Deprecated in Java.
w: file:///data/data/com.termux/files/home/Launcher3/src/com/android/launcher3/widget/util/WidgetSizeHandler.kt:67:30 'class Executors : Any' is deprecated. Deprecated in Java.
w: file:///data/data/com.termux/files/home/Launcher3/src/com/android/launcher3/widget/util/WidgetSizeHandler.kt:67:40 'static field UI_HELPER_EXECUTOR: LooperExecutor!' is deprecated. Deprecated in Java.
w: file:///data/data/com.termux/files/home/Launcher3/src/com/android/launcher3/widget/util/WidgetSizeHandler.kt:83:30 'class Executors : Any' is deprecated. Deprecated in Java.
w: file:///data/data/com.termux/files/home/Launcher3/src/com/android/launcher3/widget/util/WidgetSizeHandler.kt:83:40 'static field UI_HELPER_EXECUTOR: LooperExecutor!' is deprecated. Deprecated in Java.
w: file:///data/data/com.termux/files/home/Launcher3/src/com/android/launcher3/widget/util/WidgetSizeHandler.kt:142:42 'fun <T : Parcelable!> getParcelableArrayList(p0: String?): ArrayList<T!>?' is deprecated. Deprecated in Java.

> Task :compileNoQuickstepDebugJavaWithJavac
/data/data/com.termux/files/home/Launcher3/src/com/android/launcher3/util/Executors.java:65: warning: [dep-ann] deprecated item is not annotated with @Deprecated
    public static final ThreadPoolExecutor THREAD_POOL_EXECUTOR = new ThreadPoolExecutor(
                                           ^
/data/data/com.termux/files/home/Launcher3/src/com/android/launcher3/util/Executors.java:75: warning: [dep-ann] deprecated item is not annotated with @Deprecated
    public static final LooperExecutor ORDERED_BG_EXECUTOR =
                                       ^
/data/data/com.termux/files/home/Launcher3/src/com/android/launcher3/util/Executors.java:84: warning: [dep-ann] deprecated item is not annotated with @Deprecated
    public static final LooperExecutor MAIN_EXECUTOR =
                                       ^
/data/data/com.termux/files/home/Launcher3/src/com/android/launcher3/util/Executors.java:99: warning: [dep-ann] deprecated item is not annotated with @Deprecated
    public static final LooperExecutor UI_HELPER_EXECUTOR =
                                       ^
/data/data/com.termux/files/home/Launcher3/src/com/android/launcher3/util/Executors.java:110: warning: [dep-ann] deprecated item is not annotated with @Deprecated
    public static final LooperExecutor DATA_HELPER_EXECUTOR =
                                       ^
/data/data/com.termux/files/home/Launcher3/src/com/android/launcher3/util/Executors.java:125: warning: [dep-ann] deprecated item is not annotated with @Deprecated
    public static LooperExecutor getPackageExecutor(String packageName) {
                                 ^
/data/data/com.termux/files/home/Launcher3/src/com/android/launcher3/util/Executors.java:152: warning: [dep-ann] deprecated item is not annotated with @Deprecated
    public static class SimpleThreadFactory implements ThreadFactory {
                  ^
Note: Some input files use or override a deprecated API.
Note: Recompile with -Xlint:deprecation for details.
Note: Some input files use unchecked or unsafe operations.
Note: Recompile with -Xlint:unchecked for details.
7 warnings

> Task :dexBuilderNoQuickstepDebug
> Task :processNoQuickstepDebugJavaRes
> Task :mergeNoQuickstepDebugGlobalSynthetics
> Task :mergeProjectDexNoQuickstepDebug
> Task :mergeNoQuickstepDebugJavaResource
> Task :packageNoQuickstepDebug
> Task :createNoQuickstepDebugApkListingFileRedirect
> Task :assembleNoQuickstepDebug

[Incubating] Problems report is available at: file:///data/data/com.termux/files/home/Launcher3/build/reports/problems/problems-report.html

Deprecated Gradle features were used in this build, making it incompatible with Gradle 10.

You can use '--warning-mode all' to show the individual deprecation warnings and determine if they come from your own scripts or plugins.

For more on this, please refer to https://docs.gradle.org/9.6.1/userguide/command_line_interface.html#sec:command_line_warnings in the Gradle documentation.

BUILD SUCCESSFUL in 6m 4s
44 actionable tasks: 10 executed, 34 up-to-date
Consider enabling configuration cache to speed up this build: https://docs.gradle.org/9.6.1/userguide/configuration_cache_enabling.html
